// Jest Snapshot v1, https://goo.gl/fbAQLP

exports[`CompanyInfoMissingOnboardingWizard matches the snapshot 1`] = `
<CompanyInfoMissingOnboardingWizard
  properties={
    Object {
      "link": "https://example.com/",
      "message": "Testing.",
    }
  }
  stepState={
    Object {
      "fieldValues": Object {
        "publishing-entity": Object {
          "publishingEntityCompanyLogo": "https://example.com/logo.png",
          "publishingEntityCompanyName": "company",
        },
      },
    }
  }
/>
`;
