exports[`SnippetPreviewSection renders the snippet editor inside of it 1`] = `
<SnippetPreviewSection>
  <SnippetPreviewSection__Section
    headingIconColor="#555"
    headingLevel={3}>
    <StyledSection
      className="SnippetPreviewSection__Section-kWfIbs cTPoST"
      headingIconColor="#555"
      headingLevel={3}>
      <span>
        yoast-components StyledSection
      </span>
    </StyledSection>
  </SnippetPreviewSection__Section>
</SnippetPreviewSection>
`;
