exports[`SnippetPreviewSection renders the snippet editor inside of it 1`] = `
<SnippetPreviewSection>
  <SnippetPreviewSection__Section
    headingIcon="eye"
    headingIconColor="#555"
    headingLevel={3}
    headingText="Snippet preview">
    <StyledSection
      className="SnippetPreviewSection__Section-kWfIbs cakLAM"
      headingIcon="eye"
      headingIconColor="#555"
      headingLevel={3}
      headingText="Snippet preview">
      <span>
        yoast-components StyledSection
      </span>
    </StyledSection>
  </SnippetPreviewSection__Section>
</SnippetPreviewSection>
`;
