// Jest Snapshot v1, https://goo.gl/fbAQLP

exports[`UpsellBox renders the snippet editor inside of it 1`] = `
.c0 {
  list-style: none;
  margin: 0 0 16px;
  padding: 0;
}

.c0 li {
  margin: 5px 0 0 0;
  padding-left: 16px;
}

.c0 span[aria-hidden="true"]:before {
  margin: 0 8px 0 -16px;
  font-weight: bold;
  content: "+";
}

.c1 {
  display: block;
}

<UpsellBox
  benefits={
    Array [
      "<strong>Strong text</strong> and not so strong text",
      "<strong>Strong text two</strong>",
    ]
  }
  buttonLabel="Small text below button"
  infoParagraphs={
    Array [
      "Text",
      Array [
        "Array with ",
        <a
          href="https://example.org"
        >
          links
        </a>,
        " test",
      ],
    ]
  }
  upsellButton={
    Object {
      "aria-labelledby": "label-id",
      "className": "class name",
      "href": "https://example.org",
    }
  }
  upsellButtonHasCaret={true}
  upsellButtonLabel=""
  upsellButtonText="A button"
>
  <div>
    <p
      key="0"
    >
      Text
    </p>
    <p
      key="1"
    >
      Array with 
      <a
        href="https://example.org"
        key="1"
      >
        links
      </a>
       test
    </p>
    <.UpsellBox__StyledList-gjf66g-0
      role="list"
    >
      <StyledComponent
        forwardedComponent={
          Object {
            "$$typeof": Symbol(react.forward_ref),
            "attrs": Array [],
            "componentStyle": ComponentStyle {
              "componentId": "UpsellBox__StyledList-gjf66g-0",
              "isStatic": true,
              "lastClassName": "c0",
              "rules": Array [
                "list-style:none;margin:0 0 16px;padding:0;li{margin:5px 0 0 0;padding-left:16px;}span[aria-hidden=\\"true\\"]:before{margin:0 8px 0 -16px;font-weight:bold;content:\\"+\\";}",
              ],
            },
            "displayName": "UpsellBox__StyledList",
            "foldedComponentIds": Array [],
            "render": [Function],
            "styledComponentId": "UpsellBox__StyledList-gjf66g-0",
            "target": "ul",
            "toString": [Function],
            "warnTooManyClasses": [Function],
            "withComponent": [Function],
          }
        }
        forwardedRef={null}
        role="list"
      >
        <ul
          className="c0"
          role="list"
        >
          <li
            key="0"
          >
            <span
              aria-hidden="true"
            />
            <strong
              key="interpolation-child-1/.0"
            >
              Strong text
            </strong>
             and not so strong text
          </li>
          <li
            key="1"
          >
            <span
              aria-hidden="true"
            />
            <strong
              key="interpolation-child-1/.0"
            >
              Strong text two
            </strong>
          </li>
        </ul>
      </StyledComponent>
    </.UpsellBox__StyledList-gjf66g-0>
    <OutboundLink
      aria-labelledby="label-id"
      className="class name"
      href="https://example.org"
    >
      <a
        aria-labelledby="label-id"
        className="class name"
        href="https://example.org"
        rel="noopener noreferrer"
        target="_blank"
      >
        A button
        <span
          aria-hidden="true"
          className="yoast-button-upsell__caret"
        />
        <A11yNotice>
          <span
            className="A11yNotice-u1v0gg-0 dWDZbM"
          >
            (Opens in a new browser tab)
          </span>
        </A11yNotice>
      </a>
    </OutboundLink>
    <.UpsellBox__ButtonLabel-gjf66g-1>
      <StyledComponent
        forwardedComponent={
          Object {
            "$$typeof": Symbol(react.forward_ref),
            "attrs": Array [],
            "componentStyle": ComponentStyle {
              "componentId": "UpsellBox__ButtonLabel-gjf66g-1",
              "isStatic": true,
              "lastClassName": "c1",
              "rules": Array [
                "display:block;",
              ],
            },
            "displayName": "UpsellBox__ButtonLabel",
            "foldedComponentIds": Array [],
            "render": [Function],
            "styledComponentId": "UpsellBox__ButtonLabel-gjf66g-1",
            "target": "small",
            "toString": [Function],
            "warnTooManyClasses": [Function],
            "withComponent": [Function],
          }
        }
        forwardedRef={null}
      >
        <small
          className="c1"
        />
      </StyledComponent>
    </.UpsellBox__ButtonLabel-gjf66g-1>
  </div>
</UpsellBox>
`;
