// Jest Snapshot v1, https://goo.gl/fbAQLP

exports[`ReplacementVariableEditor wraps a Draft.js editor instance 1`] = `
<ReplacementVariableEditorStandalone
  ariaLabelledBy="id"
  className=""
  content="Dummy content"
  onBlur={[Function]}
  onChange={[Function]}
  onClick={[Function]}
  onFocus={[Function]}
  placeholder=""
  replacementVariables={Array []}
  theme={
    Object {
      "isRtl": "false",
    }
  }
/>
`;
