// Jest Snapshot v1, https://goo.gl/fbAQLP

exports[`the AlgoliaSearcher component with headingText matches the snapshot 1`] = `
<div
  className="sc-kgoBCf ijaDUj"
>
  <div
    className="sc-htpNat fapeJi"
    role="search"
  >
    <h2
      className="sc-bxivhb dmACtW"
    >
      Search the Yoast knowledge base
    </h2>
    <form
      onSubmit={[Function]}
    >
      <label
        className="sc-ifAKCX cnsSWD"
        htmlFor="kb-search-input"
      >
        <svg
          aria-hidden="true"
          className="sc-kGXeez fVArXq"
          focusable="false"
          role="img"
        />
        <span
          className="screen-reader-text"
        >
          Search the Yoast knowledge base
        </span>
      </label>
      <input
        autoCapitalize="off"
        autoComplete="off"
        autoCorrect="off"
        className="sc-EHOje kkUvkd"
        defaultValue=""
        id="kb-search-input"
        name="search-input"
        onChange={[Function]}
        placeholder="Type here to search the Yoast knowledge Base"
        spellCheck="false"
        type="text"
      />
      <button
        className="sc-bwzfXH eeZBlJ sc-bdVaJa bsIiYo"
        onClick={undefined}
        type="button"
      >
        <span>
          Search
        </span>
      </button>
    </form>
  </div>
</div>
`;
