// Jest Snapshot v1, https://goo.gl/fbAQLP

exports[`the SearchBar component with headingText matches the snapshot 1`] = `
.c4 {
  color: #fff;
  background: #64a60a;
  min-width: 152px;
  text-shadow: 0 0 2px #000;
  overflow: visible;
  cursor: pointer;
}

.c4::-moz-focus-inner {
  border-width: 0;
}

.c4 span {
  display: inherit;
  -webkit-align-items: inherit;
  -webkit-box-align: inherit;
  -ms-flex-align: inherit;
  align-items: inherit;
  -webkit-box-pack: inherit;
  -webkit-justify-content: inherit;
  -ms-flex-pack: inherit;
  justify-content: inherit;
  width: 100%;
}

.c3 {
  display: -webkit-inline-box;
  display: -webkit-inline-flex;
  display: -ms-inline-flexbox;
  display: inline-flex;
  -webkit-align-items: center;
  -webkit-box-align: center;
  -ms-flex-align: center;
  align-items: center;
  -webkit-box-pack: center;
  -webkit-justify-content: center;
  -ms-flex-pack: center;
  justify-content: center;
  vertical-align: middle;
  min-height: 48px;
  margin: 0;
  padding: 0 16px;
  padding: 0px 16px;
  border: 0;
  border-radius: 4px;
  box-sizing: border-box;
  font: 400 14px/24px "Open Sans", sans-serif;
  text-transform: uppercase;
  box-shadow: 0 2px 8px 0 rgba( 0, 0, 0, 0.3 );
  -webkit-transition: box-shadow 150ms ease-out;
  transition: box-shadow 150ms ease-out;
}

.c3:hover,
.c3:focus,
.c3:active {
  box-shadow: 0 4px 10px 0 rgba( 0, 0, 0, 0.2 ),inset 0 0 0 100px rgba( 0, 0, 0, 0.1 );
  color: #fff;
}

.c3:active {
  -webkit-transform: translateY( 1px );
  -ms-transform: translateY( 1px );
  transform: translateY( 1px );
  box-shadow: none;
}

.c0 form {
  display: -webkit-box;
  display: -webkit-flex;
  display: -ms-flexbox;
  display: flex;
  -webkit-flex-wrap: wrap;
  -ms-flex-wrap: wrap;
  flex-wrap: wrap;
}

.c1 {
  -webkit-flex: 0 1 100%;
  -ms-flex: 0 1 100%;
  flex: 0 1 100%;
  font-size: 1em;
  margin: 0.5em 16px;
  font-weight: 600;
}

.c2.c2 {
  -webkit-flex: 1 1 auto;
  -ms-flex: 1 1 auto;
  flex: 1 1 auto;
  box-sizing: border-box;
  height: 48px;
  box-shadow: inset 0 2px 8px 0px rgba( 0, 0, 0, 0.3 );
  background: #f1f1f1;
  border: 1px solid transparent;
  font-size: 1em;
  margin-right: 24px;
  padding: 0 8px 0 15px;
}

.c2.c2:focus {
  box-shadow: inset 0 2px 8px 0px rgba( 0, 0, 0, 0.3 ),0 0 2px rgba( 30, 140, 190, 0.8 );
}

@media all and (-ms-high-contrast: none), (-ms-high-contrast: active) {
  .c3::after {
    display: inline-block;
    content: "";
    min-height: 48px;
  }
}

@media screen and ( max-width: 768px ) {
  .c0 button {
    min-width: 100%;
    margin-top: 1em;
  }
}

@media screen and ( max-width: 768px ) {
  .c2.c2 {
    margin-right: 0;
  }
}

<div
  className="c0"
  role="search"
>
  <form
    onSubmit={[Function]}
  >
    <label
      className="c1"
      htmlFor="kb-search-input"
    >
      Search the Yoast Knowledge Base for answers to your questions:
    </label>
    <input
      autoCapitalize="none"
      autoComplete="off"
      autoCorrect="off"
      className="c2"
      defaultValue=""
      id="kb-search-input"
      name="search-input"
      onChange={[Function]}
      placeholder="Type here to search..."
      spellCheck="false"
      type="text"
    />
    <button
      aria-expanded={undefined}
      className="c3 c4"
      onClick={undefined}
      type="submit"
    >
      <span>
        Search
      </span>
    </button>
  </form>
</div>
`;

exports[`the SearchBar component without headingText matches the snapshot 1`] = `
.c4 {
  color: #fff;
  background: #64a60a;
  min-width: 152px;
  text-shadow: 0 0 2px #000;
  overflow: visible;
  cursor: pointer;
}

.c4::-moz-focus-inner {
  border-width: 0;
}

.c4 span {
  display: inherit;
  -webkit-align-items: inherit;
  -webkit-box-align: inherit;
  -ms-flex-align: inherit;
  align-items: inherit;
  -webkit-box-pack: inherit;
  -webkit-justify-content: inherit;
  -ms-flex-pack: inherit;
  justify-content: inherit;
  width: 100%;
}

.c3 {
  display: -webkit-inline-box;
  display: -webkit-inline-flex;
  display: -ms-inline-flexbox;
  display: inline-flex;
  -webkit-align-items: center;
  -webkit-box-align: center;
  -ms-flex-align: center;
  align-items: center;
  -webkit-box-pack: center;
  -webkit-justify-content: center;
  -ms-flex-pack: center;
  justify-content: center;
  vertical-align: middle;
  min-height: 48px;
  margin: 0;
  padding: 0 16px;
  padding: 0px 16px;
  border: 0;
  border-radius: 4px;
  box-sizing: border-box;
  font: 400 14px/24px "Open Sans", sans-serif;
  text-transform: uppercase;
  box-shadow: 0 2px 8px 0 rgba( 0, 0, 0, 0.3 );
  -webkit-transition: box-shadow 150ms ease-out;
  transition: box-shadow 150ms ease-out;
}

.c3:hover,
.c3:focus,
.c3:active {
  box-shadow: 0 4px 10px 0 rgba( 0, 0, 0, 0.2 ),inset 0 0 0 100px rgba( 0, 0, 0, 0.1 );
  color: #fff;
}

.c3:active {
  -webkit-transform: translateY( 1px );
  -ms-transform: translateY( 1px );
  transform: translateY( 1px );
  box-shadow: none;
}

.c0 form {
  display: -webkit-box;
  display: -webkit-flex;
  display: -ms-flexbox;
  display: flex;
  -webkit-flex-wrap: wrap;
  -ms-flex-wrap: wrap;
  flex-wrap: wrap;
}

.c1 {
  -webkit-flex: 0 1 100%;
  -ms-flex: 0 1 100%;
  flex: 0 1 100%;
  font-size: 1em;
  margin: 0.5em 16px;
  font-weight: 600;
}

.c2.c2 {
  -webkit-flex: 1 1 auto;
  -ms-flex: 1 1 auto;
  flex: 1 1 auto;
  box-sizing: border-box;
  height: 48px;
  box-shadow: inset 0 2px 8px 0px rgba( 0, 0, 0, 0.3 );
  background: #f1f1f1;
  border: 1px solid transparent;
  font-size: 1em;
  margin-right: 24px;
  padding: 0 8px 0 15px;
}

.c2.c2:focus {
  box-shadow: inset 0 2px 8px 0px rgba( 0, 0, 0, 0.3 ),0 0 2px rgba( 30, 140, 190, 0.8 );
}

@media all and (-ms-high-contrast: none), (-ms-high-contrast: active) {
  .c3::after {
    display: inline-block;
    content: "";
    min-height: 48px;
  }
}

@media screen and ( max-width: 768px ) {
  .c0 button {
    min-width: 100%;
    margin-top: 1em;
  }
}

@media screen and ( max-width: 768px ) {
  .c2.c2 {
    margin-right: 0;
  }
}

<div
  className="c0"
  role="search"
>
  <form
    onSubmit={[Function]}
  >
    <label
      className="c1"
      htmlFor="kb-search-input"
    >
      Search the Yoast Knowledge Base for answers to your questions:
    </label>
    <input
      autoCapitalize="none"
      autoComplete="off"
      autoCorrect="off"
      className="c2"
      defaultValue=""
      id="kb-search-input"
      name="search-input"
      onChange={[Function]}
      placeholder="Type here to search..."
      spellCheck="false"
      type="text"
    />
    <button
      aria-expanded={undefined}
      className="c3 c4"
      onClick={undefined}
      type="submit"
    >
      <span>
        Search
      </span>
    </button>
  </form>
</div>
`;
