// Jest Snapshot v1, https://goo.gl/fbAQLP

exports[`the SearchResultDetail component matches the snapshot 1`] = `
<section
  className="sc-EHOje jvzENE"
>
  <nav
    className="sc-bZQynM dFnPAy"
  >
    <button
      className="sc-htpNat dfhfLU sc-bwzfXH jZalVE"
      onClick={[Function]}
      type="button"
    >
      <span>
        Go back
      </span>
    </button>
    <a
      aria-label="Open the knowledge base article in a new window or read it in the iframe below"
      className="sc-gzVnrw kPaLQz sc-ifAKCX gCjQby sc-bxivhb ccVExY"
      href="https://kb.yoast.com/kb/passive-voice/"
      target="_blank"
    >
      View in KB
    </a>
  </nav>
  <iframe
    className="kb-search-content-frame sc-bdVaJa jsOWvL"
    src="https://kb.yoast.com/kb/passive-voice/amp/?source=wpseo-kb-search"
    title="Knowledge base article"
  />
</section>
`;
