// Jest Snapshot v1, https://goo.gl/fbAQLP

exports[`the SearchResultDetail component matches the snapshot 1`] = `
<section
  className="sc-gzVnrw ibZhkv"
>
  <nav
    className="sc-htoDjs genCy"
  >
    <button
      aria-label="Back to the search results"
      className="sc-EHOje cbEodJ sc-ifAKCX jUaWfj sc-bxivhb kvsYTM sc-htpNat Opked sc-bwzfXH fbBmuo"
      onClick={[Function]}
      type="button"
    >
      Back
    </button>
    <a
      aria-label="Open the knowledge base article in a new window or read it in the iframe below"
      className="sc-dnqmqq krTtXM"
      href="https://kb.yoast.com/kb/passive-voice/"
      target="_blank"
    >
      View in KB
    </a>
  </nav>
  <iframe
    className="kb-search-content-frame sc-bdVaJa jFnyks"
    src="https://kb.yoast.com/kb/passive-voice/amp?source=wpseo-kb-search"
    title="Title"
  />
</section>
`;
