// Jest Snapshot v1, https://goo.gl/fbAQLP

exports[`the SearchResults component with results matches the snapshot 1`] = `
<div
  className="sc-EHOje hRzeBO"
>
  <ul
    className="sc-bdVaJa cQAnKY"
    role="list"
  >
    <li
      className="sc-bwzfXH kzcaNF"
      height="32px"
    >
      <a
        className="sc-ifAKCX bTzYEK"
        href="https://kb.yoast.com/kb/passive-voice/"
        onClick={[Function]}
      >
        <p
          className="sc-bxivhb fueSDl"
        />
      </a>
    </li>
  </ul>
</div>
`;

exports[`the SearchResults component without results matches the snapshot 1`] = `
<p
  className="sc-bZQynM fsLvqP"
>
  No results found.
</p>
`;
