// Jest Snapshot v1, https://goo.gl/fbAQLP

exports[`the AnalysisResult component matches the snapshot 1`] = `
<li
  className="sc-htpNat bpCQfD"
>
  <span
    aria-label="SEO score good"
    role="img"
  >
    <svg
      aria-hidden="true"
      className="sc-ifAKCX gIfmeR"
      focusable="false"
      role="presentation"
    />
  </span>
  <p
    className="sc-bxivhb ejHQXZ"
  >
    You're doing great!
  </p>
  <span>
    <button
      aria-label="SEOResult"
      aria-pressed={true}
      className="sc-bdVaJa bHNsnL"
      id="Result button"
      onClick={[Function]}
    >
      <svg
        aria-hidden="true"
        className="sc-EHOje cEzfCV"
        focusable="false"
        role="img"
      />
    </button>
  </span>
</li>
`;
