// Jest Snapshot v1, https://goo.gl/fbAQLP

exports[`the AnalysisResult component matches the snapshot 1`] = `
<li
  className="sc-bwzfXH hyoGES"
>
  <svg
    aria-hidden="true"
    className="sc-bxivhb hpJpJA"
    focusable="false"
    role="img"
  />
  <p
    className="sc-htpNat gHtmEy"
  >
    You're doing great!
  </p>
  <button
    aria-label="SEOResult"
    aria-pressed={true}
    className="sc-bdVaJa bHNsnL"
    id="Result button"
    onClick={[Function]}
  >
    <svg
      aria-hidden="true"
      className="sc-ifAKCX fzBsVd"
      focusable="false"
      role="img"
    />
  </button>
</li>
`;
