// Jest Snapshot v1, https://goo.gl/fbAQLP

exports[`the input field matches the snapshot 1`] = `
.c0 {
  cursor: text;
  height: 16px;
  border: 1px solid #ddd;
  width: 100%;
  padding: 3px 5px;
  margin: 5px 1px 1px 1px;
  background-color: #fff;
  overflow: hidden;
  font-size: 14px;
  font-style: inherit;
}

.c0 .public-DraftStyleDefault-block {
  white-space: nowrap;
  word-wrap: normal;
}

<div
  className="c0"
  onClick={[Function]}
>
  <div
    className="DraftEditor-root"
  >
    <div
      className="public-DraftEditorPlaceholder-root"
    >
      <div
        className="public-DraftEditorPlaceholder-inner"
        id="placeholder-test"
        style={
          Object {
            "whiteSpace": "pre-wrap",
          }
        }
      >
        placeholder
      </div>
    </div>
    <div
      className="DraftEditor-editorContainer"
    >
      <div
        aria-activedescendant={undefined}
        aria-autocomplete={undefined}
        aria-controls={undefined}
        aria-describedby="placeholder-test"
        aria-expanded={null}
        aria-label={undefined}
        aria-labelledby={undefined}
        aria-multiline={undefined}
        autoCapitalize={undefined}
        autoComplete={undefined}
        autoCorrect={undefined}
        className="notranslate public-DraftEditor-content"
        contentEditable={true}
        data-testid={undefined}
        onBeforeInput={[Function]}
        onBlur={[Function]}
        onCompositionEnd={[Function]}
        onCompositionStart={[Function]}
        onCopy={[Function]}
        onCut={[Function]}
        onDragEnd={[Function]}
        onDragEnter={[Function]}
        onDragLeave={[Function]}
        onDragOver={[Function]}
        onDragStart={[Function]}
        onDrop={[Function]}
        onFocus={[Function]}
        onInput={[Function]}
        onKeyDown={[Function]}
        onKeyPress={[Function]}
        onKeyUp={[Function]}
        onMouseUp={[Function]}
        onPaste={[Function]}
        onSelect={[Function]}
        role="textbox"
        spellCheck={false}
        style={
          Object {
            "WebkitUserSelect": "text",
            "outline": "none",
            "userSelect": "text",
            "whiteSpace": "pre-wrap",
            "wordWrap": "break-word",
          }
        }
        suppressContentEditableWarning={true}
        tabIndex={undefined}
      >
        <div
          data-contents="true"
        >
          <div
            className=""
            data-block={true}
            data-editor="test"
            data-offset-key="test-0-0"
          >
            <div
              className="public-DraftStyleDefault-block public-DraftStyleDefault-ltr"
              data-offset-key="test-0-0"
            >
              <span
                data-offset-key="test-0-0"
                style={Object {}}
              >
                <br
                  data-text="true"
                />
              </span>
            </div>
          </div>
        </div>
      </div>
    </div>
  </div>
</div>
`;
