// Jest Snapshot v1, https://goo.gl/fbAQLP

exports[`App renders without problems 1`] = `
<div>
  <nav
    style={
      Object {
        "textAlign": "center",
      }
    }
  >
    <button
      onClick={[Function]}
      style={Object {}}
      type="button"
    >
      Snippet preview
    </button>
    <button
      onClick={[Function]}
      style={Object {}}
      type="button"
    >
      Wizard
    </button>
    <button
      onClick={[Function]}
      style={Object {}}
      type="button"
    >
      Loader
    </button>
    <button
      onClick={[Function]}
      style={Object {}}
      type="button"
    >
      Content Analysis
    </button>
    <button
      onClick={[Function]}
      style={Object {}}
      type="button"
    >
      Dashboard Widget
    </button>
    <button
      onClick={[Function]}
      style={Object {}}
      type="button"
    >
      UI Controls
    </button>
    <button
      onClick={[Function]}
      style={Object {}}
      type="button"
    >
      Keyword
    </button>
    <button
      onClick={[Function]}
      style={Object {}}
      type="button"
    >
      Collapsibles
    </button>
    <button
      onClick={[Function]}
      style={Object {}}
      type="button"
    >
      WordList
    </button>
    <button
      onClick={[Function]}
      style={Object {}}
      type="button"
    >
      LinkSuggestions
    </button>
    <button
      onClick={[Function]}
      style={Object {}}
      type="button"
    >
      Buttons (old)
    </button>
    <button
      onClick={[Function]}
      style={Object {}}
      type="button"
    >
      SVG Icons
    </button>
    <button
      onClick={[Function]}
      style={Object {}}
      type="button"
    >
      Components
    </button>
    <button
      onClick={[Function]}
      style={Object {}}
      type="button"
    >
      FacebookPreview
    </button>
    <button
      onClick={[Function]}
      style={Object {}}
      type="button"
    >
      TwitterPreview
    </button>
    <button
      onClick={[Function]}
      style={Object {}}
      type="button"
    >
      WordOccurrences
    </button>
    <button
      onClick={[Function]}
      style={Object {}}
      type="button"
    >
      Multi step progress
    </button>
    <button
      onClick={[Function]}
      style={Object {}}
      type="button"
    >
      Social Preview data form
    </button>
    <button
      onClick={[Function]}
      style={Object {}}
      type="button"
    >
      Social Preview
    </button>
    <button
      onClick={[Function]}
      style={
        Object {
          "backgroundColor": "#006671",
          "border": "1px solid white",
          "borderRadius": "5px",
          "color": "#FFF",
          "outline": "none",
        }
      }
      type="button"
    >
      Buttons
    </button>
    <button
      onClick={[Function]}
      style={Object {}}
      type="button"
    >
      Inputs
    </button>
    <button
      onClick={[Function]}
      style={Object {}}
      type="button"
    >
      Image Select
    </button>
    <p
      style={
        Object {
          "fontSize": "0.8em",
          "margin": "5px 0",
        }
      }
    >
      For redux devtools press 
      <strong>
        Ctrl + H
      </strong>
      , to change position press 
      <strong>
        Ctrl + Q
      </strong>
    </p>
  </nav>
  <div
    className="App__LanguageDirectionContainer-j8yu7c-0 dxirxG"
  >
    <button
      onClick={[Function]}
      type="button"
    >
      Change language direction
    </button>
  </div>
  <div>
    <div
      className="yoast"
    >
      <h2>
        Buttons and ButtonStyledLinks
      </h2>
      <p>
        The buttons come in some variants, and can be a Button or a link styled as a button. They can also be big, or small, and can contain icons before and/or after. They also pass regular props, like disabled for buttons.
      </p>
      <div
        style={
          Object {
            "padding": "24px",
          }
        }
      >
        <h3>
          "primary" variant (default)
        </h3>
        <button
          className="yoast-button yoast-button--primary"
          onClick={[Function]}
          title="Testing whether other props are also passed, like this tooltip"
          type="button"
        >
          Default button
        </button>
        <button
          className="yoast-button yoast-button--primary"
          onClick={[Function]}
          type="button"
        >
          Primary button
        </button>
        <button
          className="yoast-button yoast-button--primary"
          disabled={true}
          onClick={[Function]}
          type="button"
        >
          Primary disabled button
        </button>
        <button
          className="yoast-button yoast-button--primary yoast-button--small"
          onClick={[Function]}
          type="button"
        >
          Primary small button
        </button>
        <button
          className="yoast-button yoast-button--primary yoast-button--small"
          disabled={true}
          onClick={[Function]}
          type="button"
        >
          Primary small disabled button
        </button>
        <a
          className="yoast-button yoast-button--primary"
          href="#"
        >
          Primary link
        </a>
        <a
          className="yoast-button yoast-button--primary yoast-button--small"
          href="#"
        >
          Primary small link
        </a>
        <h3>
          "secondary" variant
        </h3>
        <button
          className="yoast-button yoast-button--secondary"
          onClick={[Function]}
          type="button"
        >
          Secondary button
        </button>
        <button
          className="yoast-button yoast-button--secondary"
          disabled={true}
          onClick={[Function]}
          type="button"
        >
          Secondary disabled button
        </button>
        <button
          className="yoast-button yoast-button--secondary yoast-button--small"
          onClick={[Function]}
          type="button"
        >
          Secondary small button
        </button>
        <button
          className="yoast-button yoast-button--secondary yoast-button--small"
          disabled={true}
          onClick={[Function]}
          type="button"
        >
          Secondary small disabled button
        </button>
        <a
          className="yoast-button yoast-button--secondary"
          href="#"
        >
          Secondary link
        </a>
        <a
          className="yoast-button yoast-button--secondary yoast-button--small"
          href="#"
        >
          Secondary small link
        </a>
        <h3>
          With Ref!
        </h3>
        <button
          className="yoast-button yoast-button--secondary yoast-button--small"
          onClick={[Function]}
          type="button"
        >
          This Button has a Ref!
        </button>
        <button
          onClick={[Function]}
        >
          focus test
        </button>
        <a
          className="yoast-button yoast-button--secondary yoast-button--small"
          href="#"
        >
          This ButtonStyledLink has a Ref!
        </a>
        <button
          onClick={[Function]}
        >
          focus test
        </button>
        <h3>
          "buy" variant (or "upsell")
        </h3>
        <button
          className="yoast-button yoast-button--buy"
          onClick={[Function]}
          type="button"
        >
          Buy button
          <span
            className="yoast-button--buy__caret"
          />
        </button>
        <button
          className="yoast-button yoast-button--buy"
          disabled={true}
          onClick={[Function]}
          type="button"
        >
          Buy disabled button
          <span
            className="yoast-button--buy__caret"
          />
        </button>
        <button
          className="yoast-button yoast-button--buy yoast-button--small"
          onClick={[Function]}
          type="button"
        >
          Buy small button
          <span
            className="yoast-button--buy__caret"
          />
        </button>
        <button
          className="yoast-button yoast-button--buy yoast-button--small"
          disabled={true}
          onClick={[Function]}
          type="button"
        >
          Buy small disabled button
          <span
            className="yoast-button--buy__caret"
          />
        </button>
        <a
          className="yoast-button yoast-button--buy"
          href="#"
        >
          Buy Link
          <span
            className="yoast-button--buy__caret"
          />
        </a>
        <a
          className="yoast-button yoast-button--buy yoast-button--small"
          href="#"
        >
          Buy small Link
          <span
            className="yoast-button--buy__caret"
          />
        </a>
        <h3>
          "hide" and "remove" variants
        </h3>
        <button
          className="yoast-hide"
          onClick={[Function]}
          type="button"
        >
          Hide button
        </button>
        <button
          className="yoast-remove"
          onClick={[Function]}
          type="button"
        >
          Remove button
        </button>
        <a
          className="yoast-hide"
          href="#"
        >
          Hide Link
        </a>
        <a
          className="yoast-remove"
          href="#"
        >
          Remove Link
        </a>
        <h3>
          "edit" variant
        </h3>
        <button
          className="yoast-button yoast-button--primary"
          onClick={[Function]}
          type="button"
        >
          <span
            className="yoast-button--edit"
          />
          Edit button
        </button>
        <a
          className="yoast-button yoast-button--primary"
          href="#"
        >
          <span
            className="yoast-button--edit"
          />
          Edit Link
        </a>
        <h3>
          CloseButton (not a variant due its different characteristics)
        </h3>
        <button
          aria-label="Close"
          className="yoast-close"
          onClick={[Function]}
        >
          <svg
            aria-hidden="true"
            focusable="false"
            role="img"
            viewBox="0 0 352 512"
            xmlns="http://www.w3.org/2000/svg"
          >
            <path
              d="M242.72 256l100.07-100.07c12.28-12.28 12.28-32.19 0-44.48l-22.24-22.24c-12.28-12.28-32.19-12.28-44.48 0L176 189.28 75.93 89.21c-12.28-12.28-32.19-12.28-44.48 0L9.21 111.45c-12.28 12.28-12.28 32.19 0 44.48L109.28 256 9.21 356.07c-12.28 12.28-12.28 32.19 0 44.48l22.24 22.24c12.28 12.28 32.2 12.28 44.48 0L176 322.72l100.07 100.07c12.28 12.28 32.2 12.28 44.48 0l22.24-22.24c12.28-12.28 12.28-32.19 0-44.48L242.72 256z"
            />
          </svg>
        </button>
      </div>
    </div>
  </div>
</div>
`;
