// Jest Snapshot v1, https://goo.gl/fbAQLP

exports[`the ScoreAssessments matches the snapshot 1`] = `
<ul
  className="score-assessments sc-EHOje hisHXY"
  role="list"
>
  <li
    className="score-assessments__item sc-bdVaJa fLzWHd"
  >
    <span
      className="score-assessments__item-bullet sc-htpNat bgVquZ sc-bwzfXH hDUHkw"
    />
    <span
      className="score-assessments__item-text sc-bxivhb gyQenP sc-bwzfXH hDUHkw"
      dangerouslySetInnerHTML={
        Object {
          "__html": "<a href=\\"http://google.com\\">Posts with a <strong>bad</strong> SEO score</a>:",
        }
      }
    />
  </li>
  <li
    className="score-assessments__item sc-bdVaJa fLzWHd"
  >
    <span
      className="score-assessments__item-bullet sc-htpNat cxyHjY sc-bwzfXH hDUHkw"
    />
    <span
      className="score-assessments__item-text sc-bxivhb gyQenP sc-bwzfXH hDUHkw"
      dangerouslySetInnerHTML={
        Object {
          "__html": "<a href=\\"http://google.com\\">Posts with an <strong>OK</strong> SEO score</a>:",
        }
      }
    />
  </li>
</ul>
`;

exports[`the ScoreAssessments with some scores matches the snapshot 1`] = `
<ul
  className="score-assessments sc-EHOje hisHXY"
  role="list"
>
  <li
    className="score-assessments__item sc-bdVaJa fLzWHd"
  >
    <span
      className="score-assessments__item-bullet sc-htpNat bgVquZ sc-bwzfXH hDUHkw"
    />
    <span
      className="score-assessments__item-text sc-bxivhb gyQenP sc-bwzfXH hDUHkw"
      dangerouslySetInnerHTML={
        Object {
          "__html": "<a href=\\"http://google.com\\">Posts with a <strong>bad</strong> SEO score</a>:",
        }
      }
    />
  </li>
  <li
    className="score-assessments__item sc-bdVaJa fLzWHd"
  >
    <span
      className="score-assessments__item-bullet sc-htpNat cxyHjY sc-bwzfXH hDUHkw"
    />
    <span
      className="score-assessments__item-text sc-bxivhb gyQenP sc-bwzfXH hDUHkw"
      dangerouslySetInnerHTML={
        Object {
          "__html": "<a href=\\"http://google.com\\">Posts with an <strong>OK</strong> SEO score</a>:",
        }
      }
    />
  </li>
</ul>
`;

exports[`the ScoreAssessments without scores matches the snapshot 1`] = `
<ul
  className="score-assessments sc-EHOje hisHXY"
  role="list"
>
  <li
    className="score-assessments__item sc-bdVaJa fLzWHd"
  >
    <span
      className="score-assessments__item-bullet sc-htpNat bgVquZ sc-bwzfXH hDUHkw"
    />
    <span
      className="score-assessments__item-text sc-bxivhb gyQenP sc-bwzfXH hDUHkw"
      dangerouslySetInnerHTML={
        Object {
          "__html": "<a href=\\"http://google.com\\">Posts with a <strong>bad</strong> SEO score</a>:",
        }
      }
    />
  </li>
  <li
    className="score-assessments__item sc-bdVaJa fLzWHd"
  >
    <span
      className="score-assessments__item-bullet sc-htpNat cxyHjY sc-bwzfXH hDUHkw"
    />
    <span
      className="score-assessments__item-text sc-bxivhb gyQenP sc-bwzfXH hDUHkw"
      dangerouslySetInnerHTML={
        Object {
          "__html": "<a href=\\"http://google.com\\">Posts with an <strong>OK</strong> SEO score</a>:",
        }
      }
    />
  </li>
</ul>
`;
