// Jest Snapshot v1, https://goo.gl/fbAQLP

exports[`the BaseButton matches the snapshot 1`] = `
<div
  className="sc-bdVaJa lbMxOx"
>
  <span
    className="sc-bwzfXH keiNUl"
  />
  <span
    className="sc-bwzfXH lgSqam"
  />
  <span
    className="sc-bwzfXH jxotSo"
  />
  <span
    className="sc-bwzfXH hFmFfd"
  />
</div>
`;
