// Jest Snapshot v1, https://goo.gl/fbAQLP

exports[`Advanced Settings should render if all data is present 1`] = `
Array [
  <input
    id="yoast_wpseo_meta-robots-noindex"
    type="hidden"
    value="0"
  />,
  <input
    id="yoast_wpseo_meta-robots-nofollow"
    type="hidden"
    value="0"
  />,
  <input
    id="yoast_wpseo_meta-robots-adv"
    type="hidden"
    value="nosnippet"
  />,
  <input
    id="yoast_wpseo_bctitle"
    type="hidden"
    value="Beautiful Title"
  />,
  <input
    id="yoast_wpseo_canonical"
    type="hidden"
    value="https://www.google.com"
  />,
  <div
    className="Collapsible__StyledContainer-sc-1ahsa22-1 Collapsible__StyledContainerTopLevel-sc-1ahsa22-2 dvNeGK"
  >
    <h2
      className="Collapsible__StyledHeadingLevel-sc-1ahsa22-4 fytkxp"
    >
      <button
        aria-expanded={false}
        className="Button__BaseButton-sc-32rbq-4 Button-sc-32rbq-3 Button-sc-32rbq-1 Button-sc-32rbq-2 Collapsible__StyledIconsButton-sc-1ahsa22-3 ixEIcM Button-sc-32rbq-0 glyHEG"
        id="collapsible-advanced-settings"
        onClick={[Function]}
        type="button"
      >
        <span
          className="SectionTitle__StyledTitleContainer-sc-1ijh58f-0 fOIIAL"
        >
          <span
            className="SectionTitle__StyledTitle-sc-1ijh58f-1 fPOBHq"
          >
            Advanced
          </span>
        </span>
        <svg
          aria-hidden={true}
          className="yoast-svg-icon yoast-svg-icon-chevron-down createSvgIconComponent__StyledSvg-sc-1h4gl3a-0 ebKEvD"
          fill="currentColor"
          focusable="false"
          role="img"
          size="24px"
          viewBox="0 0 24 24"
          xmlns="http://www.w3.org/2000/svg"
        >
          <g>
            <path
              d="M0,0h24v24H0V0z"
              fill="none"
            />
          </g>
          <g>
            <path
              d="M7.41,8.59L12,13.17l4.59-4.58L18,10l-6,6l-6-6L7.41,8.59z"
            />
          </g>
        </svg>
      </button>
    </h2>
  </div>,
]
`;
