// Jest Snapshot v1, https://goo.gl/fbAQLP

exports[`The CornerstoneToggle matches the snapshot 1`] = `
.c0 {
  display: -webkit-box;
  display: -webkit-flex;
  display: -ms-flexbox;
  display: flex;
  -webkit-box-pack: justify;
  -webkit-justify-content: space-between;
  -ms-flex-pack: justify;
  justify-content: space-between;
  -webkit-align-items: center;
  -webkit-box-align: center;
  -ms-flex-align: center;
  align-items: center;
  margin-bottom: 5px;
}

.c0 label {
  margin-right: 10px;
  -webkit-flex-shrink: 0;
  -ms-flex-negative: 0;
  flex-shrink: 0;
  max-width: 75%;
}

.c1 p {
  font-style: italic;
}

<div>
  <div
    className="c0"
  >
    <label
      htmlFor="Cornerstone Toggle"
    >
      Mark this as cornerstone content.
    </label>
    <span
      className="components-form-toggle is-checked"
    >
      <input
        checked={true}
        className="components-form-toggle__input"
        id="Cornerstone Toggle"
        onChange={[Function]}
        type="checkbox"
      />
      <span
        className="components-form-toggle__track"
      />
      <span
        className="components-form-toggle__thumb"
      />
      <svg
        aria-hidden="true"
        className="components-form-toggle__on"
        focusable="false"
        height="6"
        role="img"
        viewBox="0 0 2 6"
        width="2"
        xmlns="http://www.w3.org/2000/svg"
      >
        <path
          d="M0 0h2v6H0z"
        />
      </svg>
    </span>
  </div>
  <div
    className="c1"
  >
    <p>
      On
    </p>
  </div>
</div>
`;
